// Jest Snapshot v1, https://goo.gl/fbAQLP

exports[`<App /> should render App container 1`] = `
<ContextProvider
  value={null}
>
  <App
    dataEmpty={[Function]}
    dataFailed={[Function]}
    dataLoaded={[Function]}
    modalState={Array []}
    showModal={[Function]}
    store={
      Object {
        "clearActions": [Function],
        "dispatch": [Function],
        "getActions": [Function],
        "getState": [Function],
        "replaceReducer": [Function],
        "subscribe": [Function],
      }
    }
  />
</ContextProvider>
`;
