// Jest Snapshot v1, https://goo.gl/fbAQLP

exports[`<App /> calls getFinanceData 1`] = `
<div>
  <Connect(ViewContainer) />
</div>
`;

exports[`<App /> renders <App /> component 1`] = `
<div>
  <Connect(ViewContainer) />
</div>
`;
